ravani@sravani-VirtualBox:~/YADTQ$ /usr/local/kafka/bin/kafka-topics.sh --describe --topic task_queue --bootstrap-server localhost:9092
Topic: task_queue	TopicId: 2zONWbWnTcuIdEHcL6DeWg	PartitionCount: 1	ReplicationFactor: 1	Configs: 
	Topic: task_queue	Partition: 0	Leader: 0	Replicas: 0	Isr: 0
sravani@sravani-VirtualBox:~/YADTQ$ /usr/local/kafka/bin/kafka-topics.sh --alter --topic task_queue --partitions 3 --bootstrap-server localhost:9092
sravani@sravani-VirtualBox:~/YADTQ$ /usr/local/kafka/bin/kafka-topics.sh --describe --topic task_queue --bootstrap-server localhost:9092
Topic: task_queue	TopicId: 2zONWbWnTcuIdEHcL6DeWg	PartitionCount: 3	ReplicationFactor: 1	Configs: 
	Topic: task_queue	Partition: 0	Leader: 0	Replicas: 0	Isr: 0
	Topic: task_queue	Partition: 1	Leader: 0	Replicas: 0	Isr: 0
	Topic: task_queue	Partition: 2	Leader: 0	Replicas: 0	Isr: 0
sravani@sravani-VirtualBox:~/YADTQ$ /usr/local/kafka/bin/kafka-topics.sh --describe --topic task_queue --bootstrap-server localhost:9092
Topic: task_queue	TopicId: 2zONWbWnTcuIdEHcL6DeWg	PartitionCount: 3	ReplicationFactor: 1	Configs: 
	Topic: task_queue	Partition: 0	Leader: 0	Replicas: 0	Isr: 0
	Topic: task_queue	Partition: 1	Leader: 0	Replicas: 0	Isr: 0
	Topic: task_queue	Partition: 2	Leader: 0	Replicas: 0	Isr: 0
sravani@sravani-VirtualBox:~/YADTQ$ /usr/local/kafka/bin/kafka-consumer-groups.sh --bootstrap-server localhost:9092 --group your-consumer-group --describe

Error: Consumer group 'your-consumer-group' does not exist.
sravani@sravani-VirtualBox:~/YADTQ$ /usr/local/kafka/bin/kafka-consumer-groups.sh --bootstrap-server localhost:9092 --group worker-group --describe

GROUP           TOPIC           PARTITION  CURRENT-OFFSET  LOG-END-OFFSET  LAG             CONSUMER-ID                                             HOST            CLIENT-ID
worker-group    task_queue      2          1               1               0               kafka-python-2.0.2-fb39298f-0957-46bb-9c5b-b9e4cf8b7c8f /127.0.0.1      kafka-python-2.0.2
worker-group    task_queue      1          8               8               0               kafka-python-2.0.2-c0fa9ddc-cf76-470c-95ed-f82d1d976a16 /127.0.0.1      kafka-python-2.0.2
worker-group    task_queue      0          7               7               0               kafka-python-2.0.2-ae55a6b1-a5d1-4026-8ea9-38d921fcaf55 /127.0.0.1      kafka-python-2.0.2
sravani@sravani-VirtualBox:~/YADTQ$ /usr/local/kafka/bin/kafka-consumer-groups.sh --bootstrap-server localhost:9092 --group worker-group --describe

GROUP           TOPIC           PARTITION  CURRENT-OFFSET  LOG-END-OFFSET  LAG             CONSUMER-ID                                             HOST            CLIENT-ID
worker-group    task_queue      1          9               9               0               kafka-python-2.0.2-3e8e596c-fe8e-47c3-8ce5-8d1eb7472d28 /127.0.0.1      kafka-python-2.0.2
worker-group    task_queue      2          6               6               0               kafka-python-2.0.2-fab130d1-5397-47e3-8c92-7a2c75cef54b /127.0.0.1      kafka-python-2.0.2
worker-group    task_queue      0          12              12              0               kafka-python-2.0.2-20fec070-fede-44c1-afe8-5d73780e4fa0 /127.0.0.1      kafka-python-2.0.2
sravani@sravani-VirtualBox:~/YADTQ$ 




CREATE PARTITIONS:
/usr/local/kafka/bin/kafka-topics.sh --create --topic task_queue --bootstrap-server localhost:9092 --partitions 3 --replication-factor 1
/usr/local/kafka/bin/kafka-topics.sh --create --topic heartbeat_queue --bootstrap-server localhost:9092 --partitions 1 --replication-factor 1


DELETING TOPICS:
sravani@sravani-VirtualBox:~/YADTQ$ /usr/local/kafka/bin/kafka-topics.sh --bootstrap-server localhost:9092 --delete --topic task_queue
sravani@sravani-VirtualBox:~/YADTQ$ /usr/local/kafka/bin/kafka-topics.sh --bootstrap-server localhost:9092 --delete --topic heartbeat_queue
sravani@sravani-VirtualBox:~/YADTQ$ 
